// Jest Snapshot v1, https://goo.gl/fbAQLP

exports[`AnotherBut when clicked 1`] = `
<div
  className="activec"
  onClick={true}
/>
`;
